// Jest Snapshot v1, https://goo.gl/fbAQLP

exports[`Render NotificationPopup tests Render 3 items 1`] = `""`;
