// Jest Snapshot v1, https://goo.gl/fbAQLP

exports[`Testing NotificationPopupItem component onClick test 1`] = `
Array [
  <div
    className="MuiSnackbar-root-23 MuiSnackbar-anchorOriginTopRight-26"
    onMouseEnter={[Function]}
    onMouseLeave={[Function]}
  >
    <div
      className="MuiTypography-root-60 MuiTypography-body1-69 MuiPaper-root-33 MuiPaper-elevation6-41 MuiSnackbarContent-root-30 Snackbar-root-3 Snackbar-info-6"
      role="alertdialog"
      style={Object {}}
    >
      <div
        className="MuiSnackbarContent-message-31 Snackbar-message-12"
      >
        <div
          className=""
        >
          <svg
            aria-hidden="true"
            className="MuiSvgIcon-root-96 Snackbar-icon-15"
            focusable="false"
            role="presentation"
            viewBox="0 0 24 24"
          >
            <path
              d="M0 0h24v24H0z"
              fill="none"
            />
            <path
              d="M12 2C6.48 2 2 6.48 2 12s4.48 10 10 10 10-4.48 10-10S17.52 2 12 2zm1 15h-2v-6h2v6zm0-8h-2V7h2v2z"
            />
          </svg>
          <span
            className="Snackbar-iconMessage-22"
          >
            Test Notification Item
          </span>
        </div>
      </div>
      <div
        className="MuiSnackbarContent-action-32"
      >
        <button
          aria-label="Close"
          className="MuiButtonBase-root-111 MuiIconButton-root-105 MuiIconButton-colorInherit-106 Snackbar-iconButton-14"
          disabled={false}
          onBlur={[Function]}
          onClick={[Function]}
          onContextMenu={[Function]}
          onFocus={[Function]}
          onKeyDown={[Function]}
          onKeyUp={[Function]}
          onMouseDown={[Function]}
          onMouseLeave={[Function]}
          onMouseUp={[Function]}
          onTouchEnd={[Function]}
          onTouchMove={[Function]}
          onTouchStart={[Function]}
          tabIndex="0"
          type="button"
        >
          <span
            className="MuiIconButton-label-110"
          >
            <svg
              aria-hidden="true"
              className="MuiSvgIcon-root-96 Snackbar-close-13"
              focusable="false"
              role="presentation"
              viewBox="0 0 24 24"
            >
              <path
                d="M19 6.41L17.59 5 12 10.59 6.41 5 5 6.41 10.59 12 5 17.59 6.41 19 12 13.41 17.59 19 19 17.59 13.41 12z"
              />
              <path
                d="M0 0h24v24H0z"
                fill="none"
              />
            </svg>
          </span>
          <span
            className="MuiTouchRipple-root-114"
          />
        </button>
      </div>
    </div>
  </div>,
  "",
]
`;

exports[`Testing NotificationPopupItem component render confirm 1`] = `
Array [
  <div
    className="MuiSnackbar-root-23 MuiSnackbar-anchorOriginTopRight-26"
    onMouseEnter={[Function]}
    onMouseLeave={[Function]}
  >
    <div
      className="MuiTypography-root-60 MuiTypography-body1-69 MuiPaper-root-33 MuiPaper-elevation6-41 MuiSnackbarContent-root-30 Snackbar-root-3 Snackbar-primary-10"
      role="alertdialog"
      style={Object {}}
    >
      <div
        className="MuiSnackbarContent-message-31 Snackbar-message-12"
      >
        <div
          className=""
        >
          <svg
            aria-hidden="true"
            className="MuiSvgIcon-root-96 Snackbar-icon-15"
            focusable="false"
            role="presentation"
            viewBox="0 0 24 24"
          >
            <path
              d="M0 0h24v24H0z"
              fill="none"
            />
            <path
              d="M12 2C6.48 2 2 6.48 2 12s4.48 10 10 10 10-4.48 10-10S17.52 2 12 2zm1 17h-2v-2h2v2zm2.07-7.75l-.9.92C13.45 12.9 13 13.5 13 15h-2v-.5c0-1.1.45-2.1 1.17-2.83l1.24-1.26c.37-.36.59-.86.59-1.41 0-1.1-.9-2-2-2s-2 .9-2 2H8c0-2.21 1.79-4 4-4s4 1.79 4 4c0 .88-.36 1.68-.93 2.25z"
            />
          </svg>
          <span
            className="Snackbar-iconMessage-22"
          >
            Test Notification Item
          </span>
        </div>
      </div>
      <div
        className="MuiSnackbarContent-action-32"
      >
        <button
          aria-label="Close"
          className="MuiButtonBase-root-111 MuiIconButton-root-105 MuiIconButton-colorInherit-106 Snackbar-iconButton-14"
          disabled={false}
          onBlur={[Function]}
          onClick={[Function]}
          onContextMenu={[Function]}
          onFocus={[Function]}
          onKeyDown={[Function]}
          onKeyUp={[Function]}
          onMouseDown={[Function]}
          onMouseLeave={[Function]}
          onMouseUp={[Function]}
          onTouchEnd={[Function]}
          onTouchMove={[Function]}
          onTouchStart={[Function]}
          tabIndex="0"
          type="button"
        >
          <span
            className="MuiIconButton-label-110"
          >
            <svg
              aria-hidden="true"
              className="MuiSvgIcon-root-96 Snackbar-close-13"
              focusable="false"
              role="presentation"
              viewBox="0 0 24 24"
            >
              <path
                d="M19 6.41L17.59 5 12 10.59 6.41 5 5 6.41 10.59 12 5 17.59 6.41 19 12 13.41 17.59 19 19 17.59 13.41 12z"
              />
              <path
                d="M0 0h24v24H0z"
                fill="none"
              />
            </svg>
          </span>
          <span
            className="MuiTouchRipple-root-114"
          />
        </button>
      </div>
    </div>
  </div>,
  "",
]
`;

exports[`Testing NotificationPopupItem component render danger 1`] = `
Array [
  <div
    className="MuiSnackbar-root-23 MuiSnackbar-anchorOriginTopRight-26"
    onMouseEnter={[Function]}
    onMouseLeave={[Function]}
  >
    <div
      className="MuiTypography-root-60 MuiTypography-body1-69 MuiPaper-root-33 MuiPaper-elevation6-41 MuiSnackbarContent-root-30 Snackbar-root-3 Snackbar-danger-9"
      role="alertdialog"
      style={Object {}}
    >
      <div
        className="MuiSnackbarContent-message-31 Snackbar-message-12"
      >
        <div
          className=""
        >
          <svg
            aria-hidden="true"
            className="MuiSvgIcon-root-96 Snackbar-icon-15"
            focusable="false"
            role="presentation"
            viewBox="0 0 24 24"
          >
            <path
              d="M0 0h24v24H0z"
              fill="none"
            />
            <path
              d="M12 2C6.48 2 2 6.48 2 12s4.48 10 10 10 10-4.48 10-10S17.52 2 12 2zm1 15h-2v-2h2v2zm0-4h-2V7h2v6z"
            />
          </svg>
          <span
            className="Snackbar-iconMessage-22"
          >
            Test Notification Item
          </span>
        </div>
      </div>
      <div
        className="MuiSnackbarContent-action-32"
      >
        <button
          aria-label="Close"
          className="MuiButtonBase-root-111 MuiIconButton-root-105 MuiIconButton-colorInherit-106 Snackbar-iconButton-14"
          disabled={false}
          onBlur={[Function]}
          onClick={[Function]}
          onContextMenu={[Function]}
          onFocus={[Function]}
          onKeyDown={[Function]}
          onKeyUp={[Function]}
          onMouseDown={[Function]}
          onMouseLeave={[Function]}
          onMouseUp={[Function]}
          onTouchEnd={[Function]}
          onTouchMove={[Function]}
          onTouchStart={[Function]}
          tabIndex="0"
          type="button"
        >
          <span
            className="MuiIconButton-label-110"
          >
            <svg
              aria-hidden="true"
              className="MuiSvgIcon-root-96 Snackbar-close-13"
              focusable="false"
              role="presentation"
              viewBox="0 0 24 24"
            >
              <path
                d="M19 6.41L17.59 5 12 10.59 6.41 5 5 6.41 10.59 12 5 17.59 6.41 19 12 13.41 17.59 19 19 17.59 13.41 12z"
              />
              <path
                d="M0 0h24v24H0z"
                fill="none"
              />
            </svg>
          </span>
          <span
            className="MuiTouchRipple-root-114"
          />
        </button>
      </div>
    </div>
  </div>,
  "",
]
`;

exports[`Testing NotificationPopupItem component render info 1`] = `
Array [
  <div
    className="MuiSnackbar-root-23 MuiSnackbar-anchorOriginTopRight-26"
    onMouseEnter={[Function]}
    onMouseLeave={[Function]}
  >
    <div
      className="MuiTypography-root-60 MuiTypography-body1-69 MuiPaper-root-33 MuiPaper-elevation6-41 MuiSnackbarContent-root-30 Snackbar-root-3 Snackbar-info-6"
      role="alertdialog"
      style={Object {}}
    >
      <div
        className="MuiSnackbarContent-message-31 Snackbar-message-12"
      >
        <div
          className=""
        >
          <svg
            aria-hidden="true"
            className="MuiSvgIcon-root-96 Snackbar-icon-15"
            focusable="false"
            role="presentation"
            viewBox="0 0 24 24"
          >
            <path
              d="M0 0h24v24H0z"
              fill="none"
            />
            <path
              d="M12 2C6.48 2 2 6.48 2 12s4.48 10 10 10 10-4.48 10-10S17.52 2 12 2zm1 15h-2v-6h2v6zm0-8h-2V7h2v2z"
            />
          </svg>
          <span
            className="Snackbar-iconMessage-22"
          >
            Test Notification Item
          </span>
        </div>
      </div>
      <div
        className="MuiSnackbarContent-action-32"
      >
        <button
          aria-label="Close"
          className="MuiButtonBase-root-111 MuiIconButton-root-105 MuiIconButton-colorInherit-106 Snackbar-iconButton-14"
          disabled={false}
          onBlur={[Function]}
          onClick={[Function]}
          onContextMenu={[Function]}
          onFocus={[Function]}
          onKeyDown={[Function]}
          onKeyUp={[Function]}
          onMouseDown={[Function]}
          onMouseLeave={[Function]}
          onMouseUp={[Function]}
          onTouchEnd={[Function]}
          onTouchMove={[Function]}
          onTouchStart={[Function]}
          tabIndex="0"
          type="button"
        >
          <span
            className="MuiIconButton-label-110"
          >
            <svg
              aria-hidden="true"
              className="MuiSvgIcon-root-96 Snackbar-close-13"
              focusable="false"
              role="presentation"
              viewBox="0 0 24 24"
            >
              <path
                d="M19 6.41L17.59 5 12 10.59 6.41 5 5 6.41 10.59 12 5 17.59 6.41 19 12 13.41 17.59 19 19 17.59 13.41 12z"
              />
              <path
                d="M0 0h24v24H0z"
                fill="none"
              />
            </svg>
          </span>
          <span
            className="MuiTouchRipple-root-114"
          />
        </button>
      </div>
    </div>
  </div>,
  "",
]
`;

exports[`Testing NotificationPopupItem component render success 1`] = `
Array [
  <div
    className="MuiSnackbar-root-23 MuiSnackbar-anchorOriginTopRight-26"
    onMouseEnter={[Function]}
    onMouseLeave={[Function]}
  >
    <div
      className="MuiTypography-root-60 MuiTypography-body1-69 MuiPaper-root-33 MuiPaper-elevation6-41 MuiSnackbarContent-root-30 Snackbar-root-3 Snackbar-success-7"
      role="alertdialog"
      style={Object {}}
    >
      <div
        className="MuiSnackbarContent-message-31 Snackbar-message-12"
      >
        <div
          className=""
        >
          <svg
            aria-hidden="true"
            className="MuiSvgIcon-root-96 Snackbar-icon-15"
            focusable="false"
            role="presentation"
            viewBox="0 0 24 24"
          >
            <path
              d="M0 0h24v24H0z"
              fill="none"
            />
            <path
              d="M12 2C6.48 2 2 6.48 2 12s4.48 10 10 10 10-4.48 10-10S17.52 2 12 2zm-2 15l-5-5 1.41-1.41L10 14.17l7.59-7.59L19 8l-9 9z"
            />
          </svg>
          <span
            className="Snackbar-iconMessage-22"
          >
            Test Notification Item
          </span>
        </div>
      </div>
      <div
        className="MuiSnackbarContent-action-32"
      >
        <button
          aria-label="Close"
          className="MuiButtonBase-root-111 MuiIconButton-root-105 MuiIconButton-colorInherit-106 Snackbar-iconButton-14"
          disabled={false}
          onBlur={[Function]}
          onClick={[Function]}
          onContextMenu={[Function]}
          onFocus={[Function]}
          onKeyDown={[Function]}
          onKeyUp={[Function]}
          onMouseDown={[Function]}
          onMouseLeave={[Function]}
          onMouseUp={[Function]}
          onTouchEnd={[Function]}
          onTouchMove={[Function]}
          onTouchStart={[Function]}
          tabIndex="0"
          type="button"
        >
          <span
            className="MuiIconButton-label-110"
          >
            <svg
              aria-hidden="true"
              className="MuiSvgIcon-root-96 Snackbar-close-13"
              focusable="false"
              role="presentation"
              viewBox="0 0 24 24"
            >
              <path
                d="M19 6.41L17.59 5 12 10.59 6.41 5 5 6.41 10.59 12 5 17.59 6.41 19 12 13.41 17.59 19 19 17.59 13.41 12z"
              />
              <path
                d="M0 0h24v24H0z"
                fill="none"
              />
            </svg>
          </span>
          <span
            className="MuiTouchRipple-root-114"
          />
        </button>
      </div>
    </div>
  </div>,
  "",
]
`;

exports[`Testing NotificationPopupItem component render warning 1`] = `
Array [
  <div
    className="MuiSnackbar-root-23 MuiSnackbar-anchorOriginTopRight-26"
    onMouseEnter={[Function]}
    onMouseLeave={[Function]}
  >
    <div
      className="MuiTypography-root-60 MuiTypography-body1-69 MuiPaper-root-33 MuiPaper-elevation6-41 MuiSnackbarContent-root-30 Snackbar-root-3 Snackbar-warning-8"
      role="alertdialog"
      style={Object {}}
    >
      <div
        className="MuiSnackbarContent-message-31 Snackbar-message-12"
      >
        <div
          className=""
        >
          <svg
            aria-hidden="true"
            className="MuiSvgIcon-root-96 Snackbar-icon-15"
            focusable="false"
            role="presentation"
            viewBox="0 0 24 24"
          >
            <path
              d="M0 0h24v24H0z"
              fill="none"
            />
            <path
              d="M1 21h22L12 2 1 21zm12-3h-2v-2h2v2zm0-4h-2v-4h2v4z"
            />
          </svg>
          <span
            className="Snackbar-iconMessage-22"
          >
            Test Notification Item
          </span>
        </div>
      </div>
      <div
        className="MuiSnackbarContent-action-32"
      >
        <button
          aria-label="Close"
          className="MuiButtonBase-root-111 MuiIconButton-root-105 MuiIconButton-colorInherit-106 Snackbar-iconButton-14"
          disabled={false}
          onBlur={[Function]}
          onClick={[Function]}
          onContextMenu={[Function]}
          onFocus={[Function]}
          onKeyDown={[Function]}
          onKeyUp={[Function]}
          onMouseDown={[Function]}
          onMouseLeave={[Function]}
          onMouseUp={[Function]}
          onTouchEnd={[Function]}
          onTouchMove={[Function]}
          onTouchStart={[Function]}
          tabIndex="0"
          type="button"
        >
          <span
            className="MuiIconButton-label-110"
          >
            <svg
              aria-hidden="true"
              className="MuiSvgIcon-root-96 Snackbar-close-13"
              focusable="false"
              role="presentation"
              viewBox="0 0 24 24"
            >
              <path
                d="M19 6.41L17.59 5 12 10.59 6.41 5 5 6.41 10.59 12 5 17.59 6.41 19 12 13.41 17.59 19 19 17.59 13.41 12z"
              />
              <path
                d="M0 0h24v24H0z"
                fill="none"
              />
            </svg>
          </span>
          <span
            className="MuiTouchRipple-root-114"
          />
        </button>
      </div>
    </div>
  </div>,
  "",
]
`;

exports[`Testing NotificationPopupItem component render warning with Icon is undefined 1`] = `
Array [
  <div
    className="MuiSnackbar-root-23 MuiSnackbar-anchorOriginTopRight-26"
    onMouseEnter={[Function]}
    onMouseLeave={[Function]}
  >
    <div
      className="MuiTypography-root-60 MuiTypography-body1-69 MuiPaper-root-33 MuiPaper-elevation6-41 MuiSnackbarContent-root-30 Snackbar-root-3 Snackbar-warning-8"
      role="alertdialog"
      style={Object {}}
    >
      <div
        className="MuiSnackbarContent-message-31 Snackbar-message-12"
      >
        <div
          className=""
        >
          <svg
            aria-hidden="true"
            className="MuiSvgIcon-root-96 Snackbar-icon-15"
            focusable="false"
            role="presentation"
            viewBox="0 0 24 24"
          >
            <path
              d="M0 0h24v24H0z"
              fill="none"
            />
            <path
              d="M1 21h22L12 2 1 21zm12-3h-2v-2h2v2zm0-4h-2v-4h2v4z"
            />
          </svg>
          <span
            className="Snackbar-iconMessage-22"
          >
            Test Notification Item
          </span>
        </div>
      </div>
      <div
        className="MuiSnackbarContent-action-32"
      >
        <button
          aria-label="Close"
          className="MuiButtonBase-root-111 MuiIconButton-root-105 MuiIconButton-colorInherit-106 Snackbar-iconButton-14"
          disabled={false}
          onBlur={[Function]}
          onClick={[Function]}
          onContextMenu={[Function]}
          onFocus={[Function]}
          onKeyDown={[Function]}
          onKeyUp={[Function]}
          onMouseDown={[Function]}
          onMouseLeave={[Function]}
          onMouseUp={[Function]}
          onTouchEnd={[Function]}
          onTouchMove={[Function]}
          onTouchStart={[Function]}
          tabIndex="0"
          type="button"
        >
          <span
            className="MuiIconButton-label-110"
          >
            <svg
              aria-hidden="true"
              className="MuiSvgIcon-root-96 Snackbar-close-13"
              focusable="false"
              role="presentation"
              viewBox="0 0 24 24"
            >
              <path
                d="M19 6.41L17.59 5 12 10.59 6.41 5 5 6.41 10.59 12 5 17.59 6.41 19 12 13.41 17.59 19 19 17.59 13.41 12z"
              />
              <path
                d="M0 0h24v24H0z"
                fill="none"
              />
            </svg>
          </span>
          <span
            className="MuiTouchRipple-root-114"
          />
        </button>
      </div>
    </div>
  </div>,
  "",
]
`;

exports[`Testing NotificationPopupItem component render warning with custom Icon 1`] = `
Array [
  <div
    className="MuiSnackbar-root-23 MuiSnackbar-anchorOriginTopRight-26"
    onMouseEnter={[Function]}
    onMouseLeave={[Function]}
  >
    <div
      className="MuiTypography-root-60 MuiTypography-body1-69 MuiPaper-root-33 MuiPaper-elevation6-41 MuiSnackbarContent-root-30 Snackbar-root-3 Snackbar-warning-8"
      role="alertdialog"
      style={Object {}}
    >
      <div
        className="MuiSnackbarContent-message-31 Snackbar-message-12"
      >
        <div
          className=""
        >
          <div
            className="Snackbar-icon-15"
          >
            <div
              id="icon"
            >
              Duy
            </div>
          </div>
          <span
            className="Snackbar-iconMessage-22"
          >
            Test Notification Item
          </span>
        </div>
      </div>
      <div
        className="MuiSnackbarContent-action-32"
      >
        <button
          aria-label="Close"
          className="MuiButtonBase-root-111 MuiIconButton-root-105 MuiIconButton-colorInherit-106 Snackbar-iconButton-14"
          disabled={false}
          onBlur={[Function]}
          onClick={[Function]}
          onContextMenu={[Function]}
          onFocus={[Function]}
          onKeyDown={[Function]}
          onKeyUp={[Function]}
          onMouseDown={[Function]}
          onMouseLeave={[Function]}
          onMouseUp={[Function]}
          onTouchEnd={[Function]}
          onTouchMove={[Function]}
          onTouchStart={[Function]}
          tabIndex="0"
          type="button"
        >
          <span
            className="MuiIconButton-label-110"
          >
            <svg
              aria-hidden="true"
              className="MuiSvgIcon-root-96 Snackbar-close-13"
              focusable="false"
              role="presentation"
              viewBox="0 0 24 24"
            >
              <path
                d="M19 6.41L17.59 5 12 10.59 6.41 5 5 6.41 10.59 12 5 17.59 6.41 19 12 13.41 17.59 19 19 17.59 13.41 12z"
              />
              <path
                d="M0 0h24v24H0z"
                fill="none"
              />
            </svg>
          </span>
          <span
            className="MuiTouchRipple-root-114"
          />
        </button>
      </div>
    </div>
  </div>,
  "",
]
`;
